// Vitest Snapshot v1, https://vitest.dev/guide/snapshot.html

exports[`imaculada conceicao 1`] = `
Day {
  "celebration": [
    Observance {
      "colors": [
        "w",
      ],
      "date": "2024-12-08",
      "flexibility": "santos",
      "id": "santos:12-08:1:w",
      "link": "missal/santos/12-08",
      "name": "12-08",
      "priority": 14,
      "rank": 1,
      "title": "Imaculada Conceição da SS. Virgem",
      "weekday": 0,
    },
  ],
  "commemoration": [
    Observance {
      "colors": [
        "v",
      ],
      "date": "2024-12-08",
      "flexibility": "tempora",
      "id": "tempora:Adv2-0:1:v",
      "link": "missal/tempora/Adv2-0",
      "name": "Adv2-0",
      "priority": 18,
      "rank": 1,
      "title": "2º Domingo do Advento",
      "weekday": 0,
    },
  ],
  "date": "2024-12-08",
  "tempora": [
    Observance {
      "colors": [
        "v",
      ],
      "date": "2024-12-08",
      "flexibility": "tempora",
      "id": "tempora:Adv2-0:1:v",
      "link": "missal/tempora/Adv2-0",
      "name": "Adv2-0",
      "priority": 18,
      "rank": 1,
      "title": "2º Domingo do Advento",
      "weekday": 0,
    },
  ],
}
`;
